\BOOKMARK [1][-]{Doc-Start}{\376\377\004\020\004\035\004\035\004\036\004\042\004\020\004\046\004\030\004\057}{}% 1
\BOOKMARK [1][-]{Doc-Start}{\376\377\004\022\004\022\004\025\004\024\004\025\004\035\004\030\004\025}{}% 2
\BOOKMARK [2][-]{section*.1}{\376\377\004\020\004\072\004\102\004\103\004\060\004\073\004\114\004\075\004\076\004\101\004\102\004\114\000\040\004\102\004\065\004\074\004\113}{Doc-Start}% 3
\BOOKMARK [2][-]{section*.1}{\376\377\004\036\004\061\004\067\004\076\004\100\000\040\004\076\004\077\004\103\004\061\004\073\004\070\004\072\004\076\004\062\004\060\004\075\004\075\004\113\004\105\000\040\004\100\004\060\004\061\004\076\004\102\000\040\004\077\004\076\000\040\004\102\004\065\004\074\004\065}{Doc-Start}% 4
\BOOKMARK [2][-]{section*.1}{\376\377\004\020\004\075\004\060\004\073\004\070\004\067\000\040\004\101\004\103\004\111\004\065\004\101\004\102\004\062\004\103\004\116\004\111\004\070\004\105\000\040\004\100\004\065\004\110\004\065\004\075\004\070\004\071}{Doc-Start}% 5
\BOOKMARK [2][-]{table.caption.2}{\376\377\004\046\004\065\004\073\004\114\000\040\004\070\000\040\004\067\004\060\004\064\004\060\004\107\004\070\000\040\004\100\004\060\004\061\004\076\004\102\004\113}{Doc-Start}% 6
\BOOKMARK [2][-]{Item.7}{\376\377\004\035\004\060\004\103\004\107\004\075\004\060\004\117\000\040\004\075\004\076\004\062\004\070\004\067\004\075\004\060}{Doc-Start}% 7
\BOOKMARK [2][-]{Item.11}{\376\377\004\037\004\100\004\060\004\072\004\102\004\070\004\107\004\065\004\101\004\072\004\060\004\117\000\040\004\067\004\075\004\060\004\107\004\070\004\074\004\076\004\101\004\102\004\114}{Doc-Start}% 8
\BOOKMARK [1][-]{section.1}{\376\377\004\041\004\037\004\025\004\046\004\030\004\020\004\033\004\054\004\035\004\020\004\057\000\040\004\047\004\020\004\041\004\042\004\054}{}% 9
\BOOKMARK [2][-]{subsection.1.1}{\376\377\004\036\004\061\004\112\004\065\004\072\004\102\000\040\004\070\004\101\004\101\004\073\004\065\004\064\004\076\004\062\004\060\004\075\004\070\004\117}{section.1}% 10
\BOOKMARK [3][-]{subsubsection.1.1.1}{\376\377\004\032\004\100\004\060\004\102\004\072\004\070\004\071\000\040\004\070\004\101\004\102\004\076\004\100\004\070\004\107\004\065\004\101\004\072\004\070\004\071\000\040\004\076\004\107\004\065\004\100\004\072\000\040\004\100\004\060\004\067\004\062\004\070\004\102\004\070\004\117\000\040\004\064\004\070\004\101\004\106\004\070\004\077\004\073\004\070\004\075\004\113}{subsection.1.1}% 11
\BOOKMARK [3][-]{subsubsection.1.1.2}{\376\377\004\041\004\076\004\077\004\100\004\076\004\102\004\070\004\062\004\073\004\065\004\075\004\070\004\065\000\040\004\074\004\060\004\102\004\065\004\100\004\070\004\060\004\073\004\076\004\062\000\040\004\072\004\060\004\072\000\040\004\103\004\107\004\065\004\061\004\075\004\060\004\117\000\040\004\064\004\070\004\101\004\106\004\070\004\077\004\073\004\070\004\075\004\060}{subsection.1.1}% 12
\BOOKMARK [3][-]{subsubsection.1.1.3}{\376\377\004\020\004\075\004\060\004\073\004\070\004\067\000\040\004\102\004\100\004\103\004\064\004\075\004\076\004\101\004\102\004\065\004\071\000\040\004\062\004\076\004\101\004\077\004\100\004\070\004\117\004\102\004\070\004\117}{subsection.1.1}% 13
\BOOKMARK [3][-]{subsubsection.1.1.4}{\376\377\004\036\004\061\004\076\004\101\004\075\004\076\004\062\004\060\004\075\004\070\004\065\000\040\004\062\004\113\004\061\004\076\004\100\004\060\000\040\004\101\004\102\004\060\004\102\004\070\004\107\004\065\004\101\004\072\004\070\000\040\004\076\004\077\004\100\004\065\004\064\004\065\004\073\004\070\004\074\004\113\004\105\000\040\004\101\004\070\004\101\004\102\004\065\004\074}{subsection.1.1}% 14
\BOOKMARK [3][-]{subsubsection.1.1.5}{\376\377\004\037\004\065\004\064\004\060\004\063\004\076\004\063\004\070\004\107\004\065\004\101\004\072\004\070\004\065\000\040\004\077\004\100\004\065\004\064\004\077\004\076\004\101\004\113\004\073\004\072\004\070\000\040\004\070\004\101\004\101\004\073\004\065\004\064\004\076\004\062\004\060\004\075\004\070\004\117}{subsection.1.1}% 15
\BOOKMARK [2][-]{subsection.1.2}{\376\377\004\040\004\060\004\101\004\107\004\121\004\102\004\075\004\113\004\065\000\040\004\101\004\073\004\103\004\107\004\060\004\070}{section.1}% 16
\BOOKMARK [3][-]{subsubsection.1.2.1}{\376\377\004\032\004\076\004\075\004\101\004\076\004\073\004\114\004\075\004\060\004\117\000\040\004\061\004\060\004\073\004\072\004\060}{subsection.1.2}% 17
\BOOKMARK [3][-]{subsubsection.1.2.2}{\376\377\004\050\004\060\004\100\004\075\004\070\004\100\004\075\004\076\000-\004\076\004\077\004\121\004\100\004\102\004\060\004\117\000\040\004\061\004\060\004\073\004\072\004\060}{subsection.1.2}% 18
\BOOKMARK [3][-]{subsubsection.1.2.3}{\376\377\004\021\004\060\004\073\004\072\004\060\000\040\004\101\000\040\004\062\004\113\004\073\004\065\004\102\004\076\004\074}{subsection.1.2}% 19
\BOOKMARK [3][-]{subsubsection.1.2.4}{\376\377\004\042\004\070\004\077\004\113\000\040\004\075\004\060\004\063\004\100\004\103\004\067\004\076\004\072}{subsection.1.2}% 20
\BOOKMARK [3][-]{subsubsection.1.2.5}{\376\377\004\034\004\060\004\102\004\065\004\100\004\070\004\060\004\073\004\113}{subsection.1.2}% 21
\BOOKMARK [3][-]{subsubsection.1.2.6}{\376\377\004\036\004\061\004\073\004\060\004\101\004\102\004\114\000\040\004\077\004\100\004\070\004\074\004\065\004\075\004\070\004\074\004\076\004\101\004\102\004\070\000\040\004\100\004\060\004\101\004\107\004\121\004\102\004\075\004\113\004\105\000\040\004\101\004\073\004\103\004\107\004\060\004\065\004\062}{subsection.1.2}% 22
\BOOKMARK [3][-]{subsubsection.1.2.7}{\376\377\004\041\004\062\004\076\004\064\004\075\004\060\004\117\000\040\004\105\004\060\004\100\004\060\004\072\004\102\004\065\004\100\004\070\004\101\004\102\004\070\004\072\004\060\000\040\004\100\004\060\004\101\004\107\004\121\004\102\004\075\004\113\004\105\000\040\004\101\004\073\004\103\004\107\004\060\004\065\004\062}{subsection.1.2}% 23
\BOOKMARK [2][-]{subsection.1.3}{\376\377\004\040\004\060\004\101\004\107\004\121\004\102\004\075\004\060\004\117\000\040\004\101\004\105\004\065\004\074\004\060}{section.1}% 24
\BOOKMARK [3][-]{subsubsection.1.3.1}{\376\377\004\030\004\064\004\065\004\060\004\073\004\070\004\067\004\060\004\106\004\070\004\117\000\040\004\072\004\076\004\075\004\101\004\102\004\100\004\103\004\072\004\106\004\070\004\071}{subsection.1.3}% 25
\BOOKMARK [3][-]{subsubsection.1.3.2}{\376\377\004\041\004\105\004\065\004\074\004\060\004\102\004\070\004\067\004\060\004\106\004\070\004\117\000\040\004\075\004\060\004\063\004\100\004\103\004\067\004\076\004\072}{subsection.1.3}% 26
\BOOKMARK [3][-]{subsubsection.1.3.3}{\376\377\004\023\004\100\004\060\004\075\004\070\004\107\004\075\004\113\004\065\000\040\004\103\004\101\004\073\004\076\004\062\004\070\004\117}{subsection.1.3}% 27
\BOOKMARK [3][-]{subsubsection.1.3.4}{\376\377\004\037\004\100\004\070\004\075\004\117\004\102\004\113\004\065\000\040\004\064\004\076\004\077\004\103\004\111\004\065\004\075\004\070\004\117}{subsection.1.3}% 28
\BOOKMARK [3][-]{subsubsection.1.3.5}{\376\377\004\032\004\076\004\076\004\100\004\064\004\070\004\075\004\060\004\102\004\075\004\113\004\065\000\040\004\076\004\101\004\070\000\040\004\070\000\040\004\077\004\100\004\060\004\062\004\070\004\073\004\060\000\040\004\067\004\075\004\060\004\072\004\076\004\062}{subsection.1.3}% 29
\BOOKMARK [3][-]{subsubsection.1.3.6}{\376\377\004\022\004\113\004\062\004\076\004\064\000\040\004\104\004\076\004\100\004\074\004\103\004\073\004\113\000\040\004\075\004\076\004\100\004\074\004\060\004\073\004\114\004\075\004\113\004\105\000\040\004\075\004\060\004\077\004\100\004\117\004\066\004\065\004\075\004\070\004\071\000\040\004\077\004\100\004\070\000\040\004\070\004\067\004\063\004\070\004\061\004\065}{subsection.1.3}% 30
\BOOKMARK [3][-]{subsubsection.1.3.7}{\376\377\004\055\004\075\004\065\004\100\004\063\004\065\004\102\004\070\004\107\004\065\004\101\004\072\004\076\004\065\000\040\004\076\004\061\004\076\004\101\004\075\004\076\004\062\004\060\004\075\004\070\004\065\000\040\004\077\004\100\004\070\004\075\004\106\004\070\004\077\004\060\000\040\004\101\004\103\004\077\004\065\004\100\004\077\004\076\004\067\004\070\004\106\004\070\004\070}{subsection.1.3}% 31
\BOOKMARK [2][-]{subsection.1.4}{\376\377\004\037\004\076\004\101\004\102\004\060\004\075\004\076\004\062\004\072\004\060\000\040\004\067\004\060\004\064\004\060\004\107\004\070}{section.1}% 32
\BOOKMARK [3][-]{subsubsection.1.4.1}{\376\377\004\034\004\060\004\102\004\065\004\074\004\060\004\102\004\070\004\107\004\065\004\101\004\072\004\060\004\117\000\040\004\074\004\076\004\064\004\065\004\073\004\114\000\040\004\077\004\073\004\076\004\101\004\072\004\076\004\063\004\076\000\040\004\070\004\067\004\063\004\070\004\061\004\060\000\040\004\061\004\060\004\073\004\072\004\070}{subsection.1.4}% 33
\BOOKMARK [3][-]{subsubsection.1.4.2}{\376\377\004\043\004\100\004\060\004\062\004\075\004\065\004\075\004\070\004\117\000\040\004\100\004\060\004\062\004\075\004\076\004\062\004\065\004\101\004\070\004\117}{subsection.1.4}% 34
\BOOKMARK [3][-]{subsubsection.1.4.3}{\376\377\004\034\004\065\004\102\004\076\004\064\000\040\004\101\004\065\004\107\004\065\004\075\004\070\004\071\000\040\004\064\004\073\004\117\000\040\004\077\004\076\004\101\004\102\004\100\004\076\004\065\004\075\004\070\004\117\000\040\004\115\004\077\004\116\004\100}{subsection.1.4}% 35
\BOOKMARK [3][-]{subsubsection.1.4.4}{\376\377\004\036\004\077\004\100\004\065\004\064\004\065\004\073\004\065\004\075\004\070\004\065\000\040\004\064\004\065\004\104\004\076\004\100\004\074\004\060\004\106\004\070\004\071}{subsection.1.4}% 36
\BOOKMARK [3][-]{subsubsection.1.4.5}{\376\377\004\044\004\076\004\100\004\074\004\103\004\073\004\070\004\100\004\076\004\062\004\072\004\060\000\040\004\067\004\060\004\064\004\060\004\107\004\070\000\040\004\062\000\040\004\102\004\065\004\100\004\074\004\070\004\075\004\060\004\105\000\040\004\062\004\113\004\107\004\070\004\101\004\073\004\070\004\102\004\065\004\073\004\114\004\075\004\076\004\071\000\040\004\074\004\060\004\102\004\065\004\074\004\060\004\102\004\070\004\072\004\070}{subsection.1.4}% 37
\BOOKMARK [3][-]{subsubsection.1.4.6}{\376\377\004\036\004\061\004\076\004\101\004\075\004\076\004\062\004\060\004\075\004\070\004\065\000\040\004\062\004\113\004\061\004\100\004\060\004\075\004\075\004\076\004\071\000\040\004\074\004\060\004\102\004\065\004\074\004\060\004\102\004\070\004\107\004\065\004\101\004\072\004\076\004\071\000\040\004\074\004\076\004\064\004\065\004\073\004\070}{subsection.1.4}% 38
\BOOKMARK [3][-]{subsubsection.1.4.7}{\376\377\004\032\004\073\004\060\004\101\004\101\004\070\004\104\004\070\004\072\004\060\004\106\004\070\004\117\000\040\004\067\004\060\004\064\004\060\004\107\000\040\004\100\004\060\004\101\004\107\004\121\004\102\004\060\000\040\004\061\004\060\004\073\004\076\004\072}{subsection.1.4}% 39
\BOOKMARK [2][-]{subsection.1.5}{\376\377\004\034\004\065\004\102\004\076\004\064\000\040\004\100\004\065\004\110\004\065\004\075\004\070\004\117\000\040\004\077\004\076\004\101\004\102\004\060\004\062\004\073\004\065\004\075\004\075\004\076\004\071\000\040\004\067\004\060\004\064\004\060\004\107\004\070}{section.1}% 40
\BOOKMARK [3][-]{subsubsection.1.5.1}{\376\377\004\041\004\100\004\060\004\062\004\075\004\065\004\075\004\070\004\065\000\040\004\060\004\073\004\114\004\102\004\065\004\100\004\075\004\060\004\102\004\070\004\062\004\075\004\113\004\105\000\040\004\074\004\065\004\102\004\076\004\064\004\076\004\062\000\040\004\100\004\060\004\101\004\107\004\121\004\102\004\060}{subsection.1.5}% 41
\BOOKMARK [3][-]{subsubsection.1.5.2}{\376\377\004\042\004\065\004\076\004\100\004\070\004\117\000\040\004\107\004\070\004\101\004\073\004\065\004\075\004\075\004\076\004\063\004\076\000\040\004\070\004\075\004\102\004\065\004\063\004\100\004\070\004\100\004\076\004\062\004\060\004\075\004\070\004\117\000\040\004\074\004\065\004\102\004\076\004\064\004\076\004\074\000\040\004\102\004\100\004\060\004\077\004\065\004\106\004\070\004\071}{subsection.1.5}% 42
\BOOKMARK [3][-]{subsubsection.1.5.3}{\376\377\004\036\004\106\004\065\004\075\004\072\004\060\000\040\004\101\004\105\004\076\004\064\004\070\004\074\004\076\004\101\004\102\004\070\000\040\004\060\004\073\004\063\004\076\004\100\004\070\004\102\004\074\004\060}{subsection.1.5}% 43
\BOOKMARK [3][-]{subsubsection.1.5.4}{\376\377\004\020\004\073\004\063\004\076\004\100\004\070\004\102\004\074\000\040\004\100\004\060\004\101\004\107\004\121\004\102\004\060}{subsection.1.5}% 44
\BOOKMARK [3][-]{subsubsection.1.5.5}{\376\377\004\041\004\070\004\101\004\102\004\065\004\074\004\060\000\040\004\062\004\065\004\100\004\070\004\104\004\070\004\072\004\060\004\106\004\070\004\070\000\040\004\100\004\065\004\067\004\103\004\073\004\114\004\102\004\060\004\102\004\076\004\062}{subsection.1.5}% 45
\BOOKMARK [3][-]{subsubsection.1.5.6}{\376\377\004\020\004\100\004\105\004\070\004\102\004\065\004\072\004\102\004\103\004\100\004\060\000\040\004\077\004\100\004\076\004\063\004\100\004\060\004\074\004\074\004\075\004\076\004\063\004\076\000\040\004\100\004\065\004\110\004\065\004\075\004\070\004\117}{subsection.1.5}% 46
\BOOKMARK [3][-]{subsubsection.1.5.7}{\376\377\004\036\004\061\004\076\004\101\004\075\004\076\004\062\004\060\004\075\004\070\004\065\000\040\004\062\004\113\004\061\004\076\004\100\004\060\000\040\004\102\004\065\004\105\004\075\004\076\004\073\004\076\004\063\004\070\004\071}{subsection.1.5}% 47
\BOOKMARK [3][-]{subsubsection.1.5.8}{\376\377\004\022\004\070\004\067\004\103\004\060\004\073\004\070\004\067\004\060\004\106\004\070\004\117}{subsection.1.5}% 48
\BOOKMARK [3][-]{subsubsection.1.5.9}{\376\377\004\030\004\075\004\102\004\065\004\063\004\100\004\060\004\106\004\070\004\117\000\040\004\061\004\076\004\073\004\114\004\110\004\076\004\071\000\040\004\117\004\067\004\113\004\072\004\076\004\062\004\076\004\071\000\040\004\074\004\076\004\064\004\065\004\073\004\070\000\040\000\050\000L\000L\000M\000\051}{subsection.1.5}% 49
\BOOKMARK [2][-]{subsection.1.6}{\376\377\004\040\004\065\004\067\004\103\004\073\004\114\004\102\004\060\004\102\004\113\000\040\004\070\004\101\004\101\004\073\004\065\004\064\004\076\004\062\004\060\004\075\004\070\004\117}{section.1}% 50
\BOOKMARK [3][-]{subsubsection.1.6.1}{\376\377\004\040\004\065\004\060\004\073\004\070\004\067\004\076\004\062\004\060\004\075\004\075\004\060\004\117\000\040\004\077\004\073\004\060\004\102\004\104\004\076\004\100\004\074\004\060}{subsection.1.6}% 51
\BOOKMARK [3][-]{subsubsection.1.6.2}{\376\377\004\037\004\076\004\110\004\060\004\063\004\076\004\062\004\076\004\065\000\040\004\100\004\065\004\110\004\065\004\075\004\070\004\065}{subsection.1.6}% 52
\BOOKMARK [3][-]{subsubsection.1.6.3}{\376\377\000A\000I\000-\004\072\004\076\004\075\004\101\004\103\004\073\004\114\004\102\004\060\004\075\004\102\000\040\004\075\004\060\000\040\004\061\004\060\004\067\004\065\000\040\004\061\004\076\004\073\004\114\004\110\004\076\004\071\000\040\004\117\004\067\004\113\004\072\004\076\004\062\004\076\004\071\000\040\004\074\004\076\004\064\004\065\004\073\004\070}{subsection.1.6}% 53
\BOOKMARK [3][-]{subsubsection.1.6.4}{\376\377\004\032\004\076\004\075\004\102\004\065\004\072\004\101\004\102\004\075\004\113\004\065\000\040\004\077\004\076\004\064\004\101\004\072\004\060\004\067\004\072\004\070}{subsection.1.6}% 54
\BOOKMARK [3][-]{subsubsection.1.6.5}{\376\377\004\055\004\072\004\101\004\077\004\076\004\100\004\102\000\040\004\070\000\040\004\076\004\061\004\074\004\065\004\075}{subsection.1.6}% 55
\BOOKMARK [3][-]{subsubsection.1.6.6}{\376\377\004\037\004\076\004\064\004\100\004\076\004\061\004\075\004\113\004\065\000\040\004\062\004\065\004\100\004\070\004\104\004\070\004\072\004\060\004\106\004\070\004\076\004\075\004\075\004\113\004\065\000\040\004\077\004\100\004\070\004\074\004\065\004\100\004\113}{subsection.1.6}% 56
\BOOKMARK [3][-]{subsubsection.1.6.7}{\376\377\004\032\004\076\004\073\004\070\004\107\004\065\004\101\004\102\004\062\004\065\004\075\004\075\004\060\004\117\000\040\004\076\004\106\004\065\004\075\004\072\004\060\000\040\004\102\004\076\004\107\004\075\004\076\004\101\004\102\004\070}{subsection.1.6}% 57
\BOOKMARK [3][-]{subsubsection.1.6.8}{\376\377\004\032\004\073\004\116\004\107\004\065\004\062\004\113\004\065\000\040\004\074\004\065\004\102\004\100\004\070\004\072\004\070\000\040\004\077\004\073\004\060\004\102\004\104\004\076\004\100\004\074\004\113}{subsection.1.6}% 58
\BOOKMARK [1][-]{table.caption.20}{\376\377\004\027\004\020\004\032\004\033\004\056\004\047\004\025\004\035\004\030\004\025}{}% 59
\BOOKMARK [1][-]{Item.69}{\376\377\004\041\004\037\004\030\004\041\004\036\004\032\000\040\004\030\004\041\004\037\004\036\004\033\004\054\004\027\004\036\004\022\004\020\004\035\004\035\004\036\004\031\000\040\004\033\004\030\004\042\004\025\004\040\004\020\004\042\004\043\004\040\004\053}{}% 60
\BOOKMARK [1][-]{Item.69}{\376\377\004\041\004\037\004\030\004\041\004\036\004\032\000\040\004\030\004\041\004\037\004\036\004\033\004\054\004\027\004\036\004\022\004\020\004\035\004\035\004\036\004\031\000\040\004\033\004\030\004\042\004\025\004\040\004\020\004\042\004\043\004\040\004\053}{}% 61
\BOOKMARK [1][-]{Item.69}{\376\377\004\037\004\040\004\030\004\033\004\036\004\026\004\025\004\035\004\030\004\025\000\040\004\020\000.\000\040\004\041\004\102\004\100\004\103\004\072\004\102\004\103\004\100\004\060\000\040\004\072\004\060\004\102\004\060\004\073\004\076\004\063\004\076\004\062\000\040\004\077\004\100\004\076\004\065\004\072\004\102\004\060}{}% 62
